// Vitest Snapshot v1, https://vitest.dev/guide/snapshot.html

exports[`Typography Component > renders correctly with blockquote variant 1`] = `
<blockquote
  class="font-sans mt-6 border-l-2 pl-6 italic text-[inherit]"
>
  Quote
</blockquote>
`;

exports[`Typography Component > renders correctly with code variant 1`] = `
<code
  class="leading-7 font-mono text-[inherit]"
>
  Code
</code>
`;

exports[`Typography Component > renders correctly with combined variant and color 1`] = `
<h2
  class="font-sans text-3xl md:text-2xl sm:text-xl font-bold scroll-m-20 tracking-tight leading-tight text-accent"
>
  Accent Heading 2
</h2>
`;

exports[`Typography Component > renders correctly with custom element 1`] = `
<span
  class="font-sans text-base tracking-tight text-[inherit]"
>
  Span Text
</span>
`;

exports[`Typography Component > renders correctly with default props 1`] = `
<p
  class="font-sans text-base tracking-tight text-[inherit]"
>
  Default Text
</p>
`;

exports[`Typography Component > renders correctly with destructive color 1`] = `
<p
  class="font-sans text-base tracking-tight text-destructive"
>
  Destructive Text
</p>
`;

exports[`Typography Component > renders correctly with h1 variant 1`] = `
<h1
  class="font-sans text-4xl md:text-3xl sm:text-3xl scroll-m-20 font-bold tracking-tight leading-tight text-[inherit]"
>
  Heading 1
</h1>
`;

exports[`Typography Component > renders correctly with h2 variant 1`] = `
<h2
  class="font-sans text-3xl md:text-2xl sm:text-xl font-bold scroll-m-20 tracking-tight leading-tight text-[inherit]"
>
  Heading 2
</h2>
`;

exports[`Typography Component > renders correctly with h3 variant 1`] = `
<h3
  class="font-sans text-2xl md:text-xl sm:text-lg font-bold tracking-tight scroll-m-20 leading-tight text-[inherit]"
>
  Heading 3
</h3>
`;

exports[`Typography Component > renders correctly with h4 variant 1`] = `
<h4
  class="font-sans text-xl md:text-lg sm:text-base font-semibold tracking-tight scroll-m-20 text-[inherit]"
>
  Heading 4
</h4>
`;

exports[`Typography Component > renders correctly with primary color 1`] = `
<p
  class="font-sans text-base tracking-tight text-primary"
>
  Primary Text
</p>
`;

exports[`Typography Component > renders correctly with small variant 1`] = `
<small
  class="font-sans text-sm leading-snug text-[inherit]"
>
  Small Text
</small>
`;

exports[`Typography Component > renders correctly with success color 1`] = `
<p
  class="font-sans text-base tracking-tight text-success"
>
  Success Text
</p>
`;
